MO Lcd_Controller NULL Lcd_Controller.v vlg7E/_lcd___controller.bin 1432197090
MO blaze_clock_generator_0_wrapper NULL C:/Users/Administrator/Desktop/Assignment5/blaze/hdl/blaze.v vlg06/blaze__clock__generator__0__wrapper.bin 1432197090
MO CounterRefresh NULL SevenSegment.v vlg2F/_counter_refresh.bin 1432197090
MO blaze_mdm_0_wrapper NULL C:/Users/Administrator/Desktop/Assignment5/blaze/hdl/blaze.v vlg12/blaze__mdm__0__wrapper.bin 1432197090
MO SegmentDecoder NULL SevenSegment.v vlg01/_segment_decoder.bin 1432197090
MO blaze_xps_epc_0_wrapper NULL C:/Users/Administrator/Desktop/Assignment5/blaze/hdl/blaze.v vlg3A/blaze__xps__epc__0__wrapper.bin 1432197090
MO blaze_rs232_wrapper NULL C:/Users/Administrator/Desktop/Assignment5/blaze/hdl/blaze.v vlg1D/blaze__rs232__wrapper.bin 1432197090
MO blaze_mb_plb_wrapper NULL C:/Users/Administrator/Desktop/Assignment5/blaze/hdl/blaze.v vlg19/blaze__mb__plb__wrapper.bin 1432197090
MO blaze_ilmb_wrapper NULL C:/Users/Administrator/Desktop/Assignment5/blaze/hdl/blaze.v vlg51/blaze__ilmb__wrapper.bin 1432197090
MO blaze_ilmb_cntlr_wrapper NULL C:/Users/Administrator/Desktop/Assignment5/blaze/hdl/blaze.v vlg4F/blaze__ilmb__cntlr__wrapper.bin 1432197090
EN rs232refcomp NULL C:/Users/Administrator/Desktop/Assignment5/RS232RefComp.vhd sub00/vhpl00 1432197090
MO blaze_proc_sys_reset_0_wrapper NULL C:/Users/Administrator/Desktop/Assignment5/blaze/hdl/blaze.v vlg4C/blaze__proc__sys__reset__0__wrapper.bin 1432197090
MO top NULL top.v vlg6F/top.bin 1432197090
MO blaze NULL C:/Users/Administrator/Desktop/Assignment5/blaze/hdl/blaze.v vlg3E/blaze.bin 1432197090
AR rs232refcomp behavioral C:/Users/Administrator/Desktop/Assignment5/RS232RefComp.vhd sub00/vhpl01 1432197091
MO blaze_lmb_bram_wrapper NULL C:/Users/Administrator/Desktop/Assignment5/blaze/hdl/blaze.v vlg05/blaze__lmb__bram__wrapper.bin 1432197090
MO blaze_microblaze_0_wrapper NULL C:/Users/Administrator/Desktop/Assignment5/blaze/hdl/blaze.v vlg14/blaze__microblaze__0__wrapper.bin 1432197090
MO SevenSegment NULL SevenSegment.v vlg08/_seven_segment.bin 1432197090
MO uart NULL uart.v vlg48/uart.bin 1432197090
MO blaze_dlmb_wrapper NULL C:/Users/Administrator/Desktop/Assignment5/blaze/hdl/blaze.v vlg00/blaze__dlmb__wrapper.bin 1432197090
MO blaze_dlmb_cntlr_wrapper NULL C:/Users/Administrator/Desktop/Assignment5/blaze/hdl/blaze.v vlg76/blaze__dlmb__cntlr__wrapper.bin 1432197090
MO blaze_dip_switches_wrapper NULL C:/Users/Administrator/Desktop/Assignment5/blaze/hdl/blaze.v vlg03/blaze__dip__switches__wrapper.bin 1432197090
MO blaze_leds_wrapper NULL C:/Users/Administrator/Desktop/Assignment5/blaze/hdl/blaze.v vlg7D/blaze__leds__wrapper.bin 1432197090
