15:55:45 **** Auto Build of configuration Release for project app_prj ****
make all 
'Building file: ../src/src.c'
'Invoking: MicroBlaze gcc compiler'
mb-gcc -Wall -O2 -c -fmessage-length=0 -I../../standalone_bsp_0/microblaze_0/include -mxl-barrel-shift -mxl-pattern-compare -mcpu=v8.50.c -mno-xl-soft-mul -Wl,--no-relax -ffunction-sections -fdata-sections -MMD -MP -MF"src/src.d" -MT"src/src.d" -o "src/src.o" "../src/src.c"
../src/src.c: In function 'PrintfLcd':
../src/src.c:102:21: warning: comparison between pointer and integer [enabled by default]
../src/src.c: In function 'InitLcd':
../src/src.c:112:6: warning: unused variable 'i' [-Wunused-variable]
'Finished building: ../src/src.c'
' '
'Building target: app_prj.elf'
'Invoking: MicroBlaze gcc linker'
mb-gcc -Wl,-T -Wl,../src/lscript.ld -L../../standalone_bsp_0/microblaze_0/lib -mxl-barrel-shift -mxl-pattern-compare -mcpu=v8.50.c -mno-xl-soft-mul -Wl,--no-relax -Wl,--gc-sections -o "app_prj.elf"  ./src/src.o   -Wl,--start-group,-lxil,-lgcc,-lc,--end-group
'Finished building target: app_prj.elf'
' '
'Invoking: MicroBlaze Print Size'
mb-size app_prj.elf  |tee "app_prj.elf.size"
   text	   data	    bss	    dec	    hex	filename
   2302	    268	   2084	   4654	   122e	app_prj.elf
'Finished building: app_prj.elf.size'
' '
'Invoking: Xilinx ELF Check'
elfcheck app_prj.elf -hw ../../blaze_hw_platform/system.xml -pe microblaze_0  |tee "app_prj.elf.elfcheck"
elfcheck
Xilinx EDK 14.7 Build EDK_P.20131013
Copyright (c) 1995-2012 Xilinx, Inc.  All rights reserved.

Command Line: elfcheck -hw ../../blaze_hw_platform/system.xml -pe microblaze_0
app_prj.elf 

ELF file	: app_prj.elf
elfcheck passed.
'Finished building: app_prj.elf.elfcheck'
' '

15:55:50 Build Finished (took 5s.118ms)

