21:23:34 **** Auto Build of configuration Release for project app_prj ****
make all 
'Building file: ../src/src.c'
'Invoking: MicroBlaze gcc compiler'
mb-gcc -Wall -O2 -c -fmessage-length=0 -I../../standalone_bsp_0/microblaze_0/include -mxl-barrel-shift -mxl-pattern-compare -mcpu=v8.50.c -mno-xl-soft-mul -Wl,--no-relax -ffunction-sections -fdata-sections -MMD -MP -MF"src/src.d" -MT"src/src.d" -o "src/src.o" "../src/src.c"
../src/src.c: In function 'Printf':
../src/src.c:56:4: warning: implicit declaration of function 'PutCh' [-Wimplicit-function-declaration]
../src/src.c: At top level:
../src/src.c:94:6: warning: conflicting types for 'PutCh' [enabled by default]
../src/src.c:56:4: note: previous implicit declaration of 'PutCh' was here
'Finished building: ../src/src.c'
' '
'Building target: app_prj.elf'
'Invoking: MicroBlaze gcc linker'
mb-gcc -Wl,-T -Wl,../src/lscript.ld -L../../standalone_bsp_0/microblaze_0/lib -mxl-barrel-shift -mxl-pattern-compare -mcpu=v8.50.c -mno-xl-soft-mul -Wl,--no-relax -Wl,--gc-sections -o "app_prj.elf"  ./src/src.o   -Wl,--start-group,-lxil,-lgcc,-lc,--end-group
'Finished building target: app_prj.elf'
' '
'Invoking: MicroBlaze Print Size'
mb-size app_prj.elf  |tee "app_prj.elf.size"
   text	   data	    bss	    dec	    hex	filename
   2702	    268	   2084	   5054	   13be	app_prj.elf
'Finished building: app_prj.elf.size'
' '
'Invoking: Xilinx ELF Check'
elfcheck app_prj.elf -hw ../../blaze_hw_platform/system.xml -pe microblaze_0  |tee "app_prj.elf.elfcheck"
elfcheck
Xilinx EDK 14.7 Build EDK_P.20131013
Copyright (c) 1995-2012 Xilinx, Inc.  All rights reserved.

Command Line: elfcheck -hw ../../blaze_hw_platform/system.xml -pe microblaze_0
app_prj.elf 

ELF file	: app_prj.elf
elfcheck passed.
'Finished building: app_prj.elf.elfcheck'
' '

21:23:36 Build Finished (took 1s.872ms)

