17:50:09 **** Incremental Build of configuration Release for project app_prj ****
make all 
make: `all'를 위해 할 일이 없습니다
17:50:18 **** Auto Build of project standalone_bsp_0 ****
make -k all 
'Finished building libraries'
17:50:45 **** Auto Build of configuration Release for project app_prj ****
make all 
'Building file: ../src/src.c'
'Invoking: MicroBlaze gcc compiler'
mb-gcc -Wall -O2 -c -fmessage-length=0 -I../../standalone_bsp_0/microblaze_0/include -mxl-barrel-shift -mxl-pattern-compare -mcpu=v8.50.c -mno-xl-soft-mul -Wl,--no-relax -ffunction-sections -fdata-sections -MMD -MP -MF"src/src.d" -MT"src/src.d" -o "src/src.o" "../src/src.c"
../src/src.c: In function 'Printf':
../src/src.c:82:4: warning: implicit declaration of function 'PutCh' [-Wimplicit-function-declaration]
../src/src.c: At top level:
../src/src.c:120:6: warning: conflicting types for 'PutCh' [enabled by default]
../src/src.c:82:4: note: previous implicit declaration of 'PutCh' was here
'Finished building: ../src/src.c'
' '
'Building target: app_prj.elf'
'Invoking: MicroBlaze gcc linker'
mb-gcc -Wl,-T -Wl,../src/lscript.ld -L../../standalone_bsp_0/microblaze_0/lib -mxl-barrel-shift -mxl-pattern-compare -mcpu=v8.50.c -mno-xl-soft-mul -Wl,--no-relax -Wl,--gc-sections -o "app_prj.elf"  ./src/src.o   -Wl,--start-group,-lxil,-lgcc,-lc,--end-group
'Finished building target: app_prj.elf'
' '
'Invoking: MicroBlaze Print Size'
mb-size app_prj.elf  |tee "app_prj.elf.size"
   text	   data	    bss	    dec	    hex	filename
   2054	    268	   2084	   4406	   1136	app_prj.elf
'Finished building: app_prj.elf.size'
' '
'Invoking: Xilinx ELF Check'
elfcheck app_prj.elf -hw ../../blaze_hw_platform/system.xml -pe microblaze_0  |tee "app_prj.elf.elfcheck"
elfcheck
Xilinx EDK 14.7 Build EDK_P.20131013
Copyright (c) 1995-2012 Xilinx, Inc.  All rights reserved.

Command Line: elfcheck -hw ../../blaze_hw_platform/system.xml -pe microblaze_0
app_prj.elf 

ELF file	: app_prj.elf
elfcheck passed.
'Finished building: app_prj.elf.elfcheck'
' '
17:50:53 **** Auto Build of project standalone_bsp_0 ****
make -k all 
'Finished building libraries'
17:51:15 **** Auto Build of configuration Release for project app_prj ****
make all 
'Building file: ../src/src.c'
'Invoking: MicroBlaze gcc compiler'
mb-gcc -Wall -O2 -c -fmessage-length=0 -I../../standalone_bsp_0/microblaze_0/include -mxl-barrel-shift -mxl-pattern-compare -mcpu=v8.50.c -mno-xl-soft-mul -Wl,--no-relax -ffunction-sections -fdata-sections -MMD -MP -MF"src/src.d" -MT"src/src.d" -o "src/src.o" "../src/src.c"
../src/src.c: In function 'Printf':
../src/src.c:82:4: warning: implicit declaration of function 'PutCh' [-Wimplicit-function-declaration]
../src/src.c: At top level:
../src/src.c:120:6: warning: conflicting types for 'PutCh' [enabled by default]
../src/src.c:82:4: note: previous implicit declaration of 'PutCh' was here
'Finished building: ../src/src.c'
' '
'Building target: app_prj.elf'
'Invoking: MicroBlaze gcc linker'
mb-gcc -Wl,-T -Wl,../src/lscript.ld -L../../standalone_bsp_0/microblaze_0/lib -mxl-barrel-shift -mxl-pattern-compare -mcpu=v8.50.c -mno-xl-soft-mul -Wl,--no-relax -Wl,--gc-sections -o "app_prj.elf"  ./src/src.o   -Wl,--start-group,-lxil,-lgcc,-lc,--end-group
'Finished building target: app_prj.elf'
' '
'Invoking: MicroBlaze Print Size'
mb-size app_prj.elf  |tee "app_prj.elf.size"
   text	   data	    bss	    dec	    hex	filename
   2042	    268	   2090	   4400	   1130	app_prj.elf
'Finished building: app_prj.elf.size'
' '
'Invoking: Xilinx ELF Check'
elfcheck app_prj.elf -hw ../../blaze_hw_platform/system.xml -pe microblaze_0  |tee "app_prj.elf.elfcheck"
elfcheck
Xilinx EDK 14.7 Build EDK_P.20131013
Copyright (c) 1995-2012 Xilinx, Inc.  All rights reserved.

Command Line: elfcheck -hw ../../blaze_hw_platform/system.xml -pe microblaze_0
app_prj.elf 

ELF file	: app_prj.elf
elfcheck passed.
'Finished building: app_prj.elf.elfcheck'
' '
17:51:23 **** Auto Build of project standalone_bsp_0 ****
make -k all 
'Finished building libraries'
17:51:36 **** Auto Build of configuration Release for project app_prj ****
make all 
'Building file: ../src/src.c'
'Invoking: MicroBlaze gcc compiler'
mb-gcc -Wall -O2 -c -fmessage-length=0 -I../../standalone_bsp_0/microblaze_0/include -mxl-barrel-shift -mxl-pattern-compare -mcpu=v8.50.c -mno-xl-soft-mul -Wl,--no-relax -ffunction-sections -fdata-sections -MMD -MP -MF"src/src.d" -MT"src/src.d" -o "src/src.o" "../src/src.c"
../src/src.c: In function 'Printf':
../src/src.c:82:4: warning: implicit declaration of function 'PutCh' [-Wimplicit-function-declaration]
../src/src.c: At top level:
../src/src.c:120:6: warning: conflicting types for 'PutCh' [enabled by default]
../src/src.c:82:4: note: previous implicit declaration of 'PutCh' was here
'Finished building: ../src/src.c'
' '
'Building target: app_prj.elf'
'Invoking: MicroBlaze gcc linker'
mb-gcc -Wl,-T -Wl,../src/lscript.ld -L../../standalone_bsp_0/microblaze_0/lib -mxl-barrel-shift -mxl-pattern-compare -mcpu=v8.50.c -mno-xl-soft-mul -Wl,--no-relax -Wl,--gc-sections -o "app_prj.elf"  ./src/src.o   -Wl,--start-group,-lxil,-lgcc,-lc,--end-group
'Finished building target: app_prj.elf'
' '
'Invoking: MicroBlaze Print Size'
mb-size app_prj.elf  |tee "app_prj.elf.size"
   text	   data	    bss	    dec	    hex	filename
   2166	    268	   2084	   4518	   11a6	app_prj.elf
'Finished building: app_prj.elf.size'
' '
'Invoking: Xilinx ELF Check'
elfcheck app_prj.elf -hw ../../blaze_hw_platform/system.xml -pe microblaze_0  |tee "app_prj.elf.elfcheck"
elfcheck
Xilinx EDK 14.7 Build EDK_P.20131013
Copyright (c) 1995-2012 Xilinx, Inc.  All rights reserved.

Command Line: elfcheck -hw ../../blaze_hw_platform/system.xml -pe microblaze_0
app_prj.elf 

ELF file	: app_prj.elf
elfcheck passed.
'Finished building: app_prj.elf.elfcheck'
' '
17:51:44 **** Auto Build of project standalone_bsp_0 ****
make -k all 
'Finished building libraries'
17:52:05 **** Auto Build of configuration Release for project app_prj ****
make all 
'Building file: ../src/src.c'
'Invoking: MicroBlaze gcc compiler'
mb-gcc -Wall -O2 -c -fmessage-length=0 -I../../standalone_bsp_0/microblaze_0/include -mxl-barrel-shift -mxl-pattern-compare -mcpu=v8.50.c -mno-xl-soft-mul -Wl,--no-relax -ffunction-sections -fdata-sections -MMD -MP -MF"src/src.d" -MT"src/src.d" -o "src/src.o" "../src/src.c"
../src/src.c: In function 'Printf':
../src/src.c:82:4: warning: implicit declaration of function 'PutCh' [-Wimplicit-function-declaration]
../src/src.c: At top level:
../src/src.c:120:6: warning: conflicting types for 'PutCh' [enabled by default]
../src/src.c:82:4: note: previous implicit declaration of 'PutCh' was here
'Finished building: ../src/src.c'
' '
'Building target: app_prj.elf'
'Invoking: MicroBlaze gcc linker'
mb-gcc -Wl,-T -Wl,../src/lscript.ld -L../../standalone_bsp_0/microblaze_0/lib -mxl-barrel-shift -mxl-pattern-compare -mcpu=v8.50.c -mno-xl-soft-mul -Wl,--no-relax -Wl,--gc-sections -o "app_prj.elf"  ./src/src.o   -Wl,--start-group,-lxil,-lgcc,-lc,--end-group
'Finished building target: app_prj.elf'
' '
'Invoking: MicroBlaze Print Size'
mb-size app_prj.elf  |tee "app_prj.elf.size"
   text	   data	    bss	    dec	    hex	filename
   2626	    268	   2090	   4984	   1378	app_prj.elf
'Finished building: app_prj.elf.size'
' '
'Invoking: Xilinx ELF Check'
elfcheck app_prj.elf -hw ../../blaze_hw_platform/system.xml -pe microblaze_0  |tee "app_prj.elf.elfcheck"
elfcheck
Xilinx EDK 14.7 Build EDK_P.20131013
Copyright (c) 1995-2012 Xilinx, Inc.  All rights reserved.

Command Line: elfcheck -hw ../../blaze_hw_platform/system.xml -pe microblaze_0
app_prj.elf 

ELF file	: app_prj.elf
elfcheck passed.
'Finished building: app_prj.elf.elfcheck'
' '
17:52:15 **** Auto Build of project standalone_bsp_0 ****
make -k all 
'Finished building libraries'
17:52:26 **** Auto Build of configuration Release for project app_prj ****
make all 
'Building file: ../src/src.c'
'Invoking: MicroBlaze gcc compiler'
mb-gcc -Wall -O2 -c -fmessage-length=0 -I../../standalone_bsp_0/microblaze_0/include -mxl-barrel-shift -mxl-pattern-compare -mcpu=v8.50.c -mno-xl-soft-mul -Wl,--no-relax -ffunction-sections -fdata-sections -MMD -MP -MF"src/src.d" -MT"src/src.d" -o "src/src.o" "../src/src.c"
../src/src.c: In function 'Printf':
../src/src.c:82:4: warning: implicit declaration of function 'PutCh' [-Wimplicit-function-declaration]
../src/src.c: At top level:
../src/src.c:120:6: warning: conflicting types for 'PutCh' [enabled by default]
../src/src.c:82:4: note: previous implicit declaration of 'PutCh' was here
'Finished building: ../src/src.c'
' '
'Building target: app_prj.elf'
'Invoking: MicroBlaze gcc linker'
mb-gcc -Wl,-T -Wl,../src/lscript.ld -L../../standalone_bsp_0/microblaze_0/lib -mxl-barrel-shift -mxl-pattern-compare -mcpu=v8.50.c -mno-xl-soft-mul -Wl,--no-relax -Wl,--gc-sections -o "app_prj.elf"  ./src/src.o   -Wl,--start-group,-lxil,-lgcc,-lc,--end-group
'Finished building target: app_prj.elf'
' '
'Invoking: MicroBlaze Print Size'
mb-size app_prj.elf  |tee "app_prj.elf.size"
   text	   data	    bss	    dec	    hex	filename
   2626	    268	   2090	   4984	   1378	app_prj.elf
'Finished building: app_prj.elf.size'
' '
'Invoking: Xilinx ELF Check'
elfcheck app_prj.elf -hw ../../blaze_hw_platform/system.xml -pe microblaze_0  |tee "app_prj.elf.elfcheck"
elfcheck
Xilinx EDK 14.7 Build EDK_P.20131013
Copyright (c) 1995-2012 Xilinx, Inc.  All rights reserved.

Command Line: elfcheck -hw ../../blaze_hw_platform/system.xml -pe microblaze_0
app_prj.elf 

ELF file	: app_prj.elf
elfcheck passed.
'Finished building: app_prj.elf.elfcheck'
' '
17:52:41 **** Auto Build of configuration Release for project app_prj ****
make all 
'Building file: ../src/src.c'
'Invoking: MicroBlaze gcc compiler'
mb-gcc -Wall -O2 -c -fmessage-length=0 -I../../standalone_bsp_0/microblaze_0/include -mxl-barrel-shift -mxl-pattern-compare -mcpu=v8.50.c -mno-xl-soft-mul -Wl,--no-relax -ffunction-sections -fdata-sections -MMD -MP -MF"src/src.d" -MT"src/src.d" -o "src/src.o" "../src/src.c"
../src/src.c: In function 'Printf':
../src/src.c:82:4: warning: implicit declaration of function 'PutCh' [-Wimplicit-function-declaration]
../src/src.c: At top level:
../src/src.c:120:6: warning: conflicting types for 'PutCh' [enabled by default]
../src/src.c:82:4: note: previous implicit declaration of 'PutCh' was here
'Finished building: ../src/src.c'
' '
'Building target: app_prj.elf'
'Invoking: MicroBlaze gcc linker'
mb-gcc -Wl,-T -Wl,../src/lscript.ld -L../../standalone_bsp_0/microblaze_0/lib -mxl-barrel-shift -mxl-pattern-compare -mcpu=v8.50.c -mno-xl-soft-mul -Wl,--no-relax -Wl,--gc-sections -o "app_prj.elf"  ./src/src.o   -Wl,--start-group,-lxil,-lgcc,-lc,--end-group
'Finished building target: app_prj.elf'
' '
'Invoking: MicroBlaze Print Size'
mb-size app_prj.elf  |tee "app_prj.elf.size"
   text	   data	    bss	    dec	    hex	filename
   2638	    268	   2084	   4990	   137e	app_prj.elf
'Finished building: app_prj.elf.size'
' '
'Invoking: Xilinx ELF Check'
elfcheck app_prj.elf -hw ../../blaze_hw_platform/system.xml -pe microblaze_0  |tee "app_prj.elf.elfcheck"
elfcheck
Xilinx EDK 14.7 Build EDK_P.20131013
Copyright (c) 1995-2012 Xilinx, Inc.  All rights reserved.

Command Line: elfcheck -hw ../../blaze_hw_platform/system.xml -pe microblaze_0
app_prj.elf 

ELF file	: app_prj.elf
elfcheck passed.
'Finished building: app_prj.elf.elfcheck'
' '
17:52:49 **** Auto Build of project standalone_bsp_0 ****
make -k all 
'Finished building libraries'
17:53:14 **** Auto Build of configuration Release for project app_prj ****
make all 
'Building file: ../src/src.c'
'Invoking: MicroBlaze gcc compiler'
mb-gcc -Wall -O2 -c -fmessage-length=0 -I../../standalone_bsp_0/microblaze_0/include -mxl-barrel-shift -mxl-pattern-compare -mcpu=v8.50.c -mno-xl-soft-mul -Wl,--no-relax -ffunction-sections -fdata-sections -MMD -MP -MF"src/src.d" -MT"src/src.d" -o "src/src.o" "../src/src.c"
../src/src.c: In function 'Printf':
../src/src.c:56:4: warning: implicit declaration of function 'PutCh' [-Wimplicit-function-declaration]
../src/src.c: At top level:
../src/src.c:94:6: warning: conflicting types for 'PutCh' [enabled by default]
../src/src.c:56:4: note: previous implicit declaration of 'PutCh' was here
'Finished building: ../src/src.c'
' '
'Building target: app_prj.elf'
'Invoking: MicroBlaze gcc linker'
mb-gcc -Wl,-T -Wl,../src/lscript.ld -L../../standalone_bsp_0/microblaze_0/lib -mxl-barrel-shift -mxl-pattern-compare -mcpu=v8.50.c -mno-xl-soft-mul -Wl,--no-relax -Wl,--gc-sections -o "app_prj.elf"  ./src/src.o   -Wl,--start-group,-lxil,-lgcc,-lc,--end-group
'Finished building target: app_prj.elf'
' '
'Invoking: MicroBlaze Print Size'
mb-size app_prj.elf  |tee "app_prj.elf.size"
   text	   data	    bss	    dec	    hex	filename
   2638	    268	   2084	   4990	   137e	app_prj.elf
'Finished building: app_prj.elf.size'
' '
'Invoking: Xilinx ELF Check'
elfcheck app_prj.elf -hw ../../blaze_hw_platform/system.xml -pe microblaze_0  |tee "app_prj.elf.elfcheck"
elfcheck
Xilinx EDK 14.7 Build EDK_P.20131013
Copyright (c) 1995-2012 Xilinx, Inc.  All rights reserved.

Command Line: elfcheck -hw ../../blaze_hw_platform/system.xml -pe microblaze_0
app_prj.elf 

ELF file	: app_prj.elf
elfcheck passed.
'Finished building: app_prj.elf.elfcheck'
' '
17:54:49 **** Clean-only build of configuration Release for project app_prj ****
make clean 
rm -rf  ./src/src.o  ./src/src.d  app_prj.elf.size  app_prj.elf.elfcheck  app_prj.elf
' '
17:54:50 **** Auto Build of configuration Release for project app_prj ****
make all 
'Building file: ../src/src.c'
'Invoking: MicroBlaze gcc compiler'
mb-gcc -Wall -O2 -c -fmessage-length=0 -I../../standalone_bsp_0/microblaze_0/include -mxl-barrel-shift -mxl-pattern-compare -mcpu=v8.50.c -mno-xl-soft-mul -Wl,--no-relax -ffunction-sections -fdata-sections -MMD -MP -MF"src/src.d" -MT"src/src.d" -o "src/src.o" "../src/src.c"
../src/src.c: In function 'Printf':
../src/src.c:56:4: warning: implicit declaration of function 'PutCh' [-Wimplicit-function-declaration]
../src/src.c: At top level:
../src/src.c:94:6: warning: conflicting types for 'PutCh' [enabled by default]
../src/src.c:56:4: note: previous implicit declaration of 'PutCh' was here
'Finished building: ../src/src.c'
' '
'Building target: app_prj.elf'
'Invoking: MicroBlaze gcc linker'
mb-gcc -Wl,-T -Wl,../src/lscript.ld -L../../standalone_bsp_0/microblaze_0/lib -mxl-barrel-shift -mxl-pattern-compare -mcpu=v8.50.c -mno-xl-soft-mul -Wl,--no-relax -Wl,--gc-sections -o "app_prj.elf"  ./src/src.o   -Wl,--start-group,-lxil,-lgcc,-lc,--end-group
'Finished building target: app_prj.elf'
' '
'Invoking: MicroBlaze Print Size'
mb-size app_prj.elf  |tee "app_prj.elf.size"
   text	   data	    bss	    dec	    hex	filename
   2666	    268	   2090	   5024	   13a0	app_prj.elf
'Finished building: app_prj.elf.size'
' '
'Invoking: Xilinx ELF Check'
elfcheck app_prj.elf -hw ../../blaze_hw_platform/system.xml -pe microblaze_0  |tee "app_prj.elf.elfcheck"
elfcheck
Xilinx EDK 14.7 Build EDK_P.20131013
Copyright (c) 1995-2012 Xilinx, Inc.  All rights reserved.

Command Line: elfcheck -hw ../../blaze_hw_platform/system.xml -pe microblaze_0
app_prj.elf 

ELF file	: app_prj.elf
elfcheck passed.
'Finished building: app_prj.elf.elfcheck'
' '
17:55:02 **** Auto Build of project standalone_bsp_0 ****
make -k all 
'Finished building libraries'
17:55:46 **** Auto Build of configuration Release for project app_prj ****
make all 
'Building file: ../src/src.c'
'Invoking: MicroBlaze gcc compiler'
mb-gcc -Wall -O2 -c -fmessage-length=0 -I../../standalone_bsp_0/microblaze_0/include -mxl-barrel-shift -mxl-pattern-compare -mcpu=v8.50.c -mno-xl-soft-mul -Wl,--no-relax -ffunction-sections -fdata-sections -MMD -MP -MF"src/src.d" -MT"src/src.d" -o "src/src.o" "../src/src.c"
../src/src.c: In function 'Printf':
../src/src.c:56:4: warning: implicit declaration of function 'PutCh' [-Wimplicit-function-declaration]
../src/src.c: At top level:
../src/src.c:94:6: warning: conflicting types for 'PutCh' [enabled by default]
../src/src.c:56:4: note: previous implicit declaration of 'PutCh' was here
'Finished building: ../src/src.c'
' '
'Building target: app_prj.elf'
'Invoking: MicroBlaze gcc linker'
mb-gcc -Wl,-T -Wl,../src/lscript.ld -L../../standalone_bsp_0/microblaze_0/lib -mxl-barrel-shift -mxl-pattern-compare -mcpu=v8.50.c -mno-xl-soft-mul -Wl,--no-relax -Wl,--gc-sections -o "app_prj.elf"  ./src/src.o   -Wl,--start-group,-lxil,-lgcc,-lc,--end-group
'Finished building target: app_prj.elf'
' '
'Invoking: MicroBlaze Print Size'
mb-size app_prj.elf  |tee "app_prj.elf.size"
   text	   data	    bss	    dec	    hex	filename
   2638	    268	   2084	   4990	   137e	app_prj.elf
'Finished building: app_prj.elf.size'
' '
'Invoking: Xilinx ELF Check'
elfcheck app_prj.elf -hw ../../blaze_hw_platform/system.xml -pe microblaze_0  |tee "app_prj.elf.elfcheck"
elfcheck
Xilinx EDK 14.7 Build EDK_P.20131013
Copyright (c) 1995-2012 Xilinx, Inc.  All rights reserved.

Command Line: elfcheck -hw ../../blaze_hw_platform/system.xml -pe microblaze_0
app_prj.elf 

ELF file	: app_prj.elf
elfcheck passed.
'Finished building: app_prj.elf.elfcheck'
' '
